../Core/Src/main.c:82:5:__io_putchar	16	static
../Core/Src/main.c:90:5:_write	24	static
../Core/Src/main.c:111:5:main	168	static
../Core/Src/main.c:209:6:SystemClock_Config	88	static
../Core/Src/main.c:256:13:MX_I2C1_Init	8	static
../Core/Src/main.c:290:13:MX_TIM1_Init	80	static
../Core/Src/main.c:356:13:MX_TIM3_Init	48	static
../Core/Src/main.c:405:13:MX_TIM4_Init	48	static
../Core/Src/main.c:454:13:MX_USART2_UART_Init	8	static
../Core/Src/main.c:485:13:MX_DMA_Init	16	static
../Core/Src/main.c:503:13:MX_GPIO_Init	48	static
../Core/Src/main.c:540:6:StartDefaultTask	16	static
../Core/Src/main.c:559:6:HAL_TIM_PeriodElapsedCallback	16	static
../Core/Src/main.c:584:6:Error_Handler	4	static,ignoring_inline_asm
